// Jest Snapshot v1, https://goo.gl/fbAQLP

exports[`Sidebar Component renders a sidebar 1`] = `
<nav
  className="Sidebar"
>
  <a
    href="#"
  >
    Test Snapshot
  </a>
</nav>
`;
